// Vitest Snapshot v1, https://vitest.dev/guide/snapshot.html

exports[`LoadingSpinner.vue > matches snapshot 1`] = `
"<div class=\\"loading-container\\">
  <div class=\\"loading-spinner\\"></div>
</div>"
`;
